// Jest Snapshot v1, https://goo.gl/fbAQLP

exports[`can create document via button 1`] = `
<Home>
  <div
    className="Home"
  >
    <div
      className="Home-header"
    >
      <h2>
        Welcome to PeerPad
      </h2>
    </div>
    <div
      className="Home-intro"
    >
      <CreateDocument>
        <form>
          <FormGroup
            bsClass="form-group"
          >
            <div
              className="form-group has-feedback"
            >
              <FormControl
                bsClass="form-control"
                componentClass="input"
                onChange={[Function]}
                placeholder="pad name"
                type="text"
                value=""
              >
                <input
                  className="form-control"
                  id={undefined}
                  onChange={[Function]}
                  placeholder="pad name"
                  type="text"
                  value=""
                />
              </FormControl>
              <FormControl
                bsClass="form-control"
                componentClass="select"
                onChange={[Function]}
                placeholder="select type"
              >
                <select
                  className="form-control"
                  id={undefined}
                  onChange={[Function]}
                  placeholder="select type"
                  type={undefined}
                >
                  <option
                    value="select"
                  >
                    select type
                  </option>
                  <option
                    value="markdown"
                  >
                    Markdown
                  </option>
                  <option
                    value="richtext"
                  >
                    Rich text
                  </option>
                </select>
              </FormControl>
              <Button
                active={false}
                block={false}
                bsClass="btn"
                bsSize="large"
                bsStyle="default"
                disabled={false}
                onClick={[Function]}
              >
                <button
                  className="btn btn-lg btn-default"
                  disabled={false}
                  onClick={[Function]}
                  type="button"
                >
                  Create new Document
                </button>
              </Button>
              <FormControlFeedback
                bsClass="form-control-feedback"
                bsRole="feedback"
              />
            </div>
          </FormGroup>
        </form>
      </CreateDocument>
    </div>
  </div>
</Home>
`;
