// Jest Snapshot v1, https://goo.gl/fbAQLP

exports[`can create document via button 1`] = `
<Home>
  <div
    className="Home"
  >
    <div
      className="Home-header"
    >
      <h2>
        Welcome to PeerPad
      </h2>
    </div>
    <div
      className="Home-intro"
    >
      <CreateDocument>
        <form>
          <div>
            <input
              onChange={[Function]}
              placeholder="pad name"
              value=""
            />
            <select
              onChange={[Function]}
              placeholder="select type"
            >
              <option
                value=""
              >
                select type
              </option>
              <option
                value="markdown"
              >
                Markdown
              </option>
              <option
                value="richtext"
              >
                Rich text
              </option>
            </select>
            <button
              onClick={[Function]}
              type="button"
            >
              Create new Document
            </button>
          </div>
        </form>
      </CreateDocument>
    </div>
  </div>
</Home>
`;
